// Jest Snapshot v1, https://goo.gl/fbAQLP

exports[`Testing Artists Component should render correctly 1`] = `
ShallowWrapper {
  Symbol(enzyme.__root__): [Circular],
  Symbol(enzyme.__unrendered__): <ArtistsAlbumsFilter
    artist=""
    artistAlbums={Array []}
    classes={Object {}}
    handleChange={[Function]}
    renderArtists={[Function]}
    renderYears={[Function]}
    year=""
  />,
  Symbol(enzyme.__renderer__): Object {
    "batchedUpdates": [Function],
    "checkPropTypes": [Function],
    "getNode": [Function],
    "render": [Function],
    "simulateError": [Function],
    "simulateEvent": [Function],
    "unmount": [Function],
  },
  Symbol(enzyme.__node__): Object {
    "instance": null,
    "key": undefined,
    "nodeType": "class",
    "props": Object {
      "children": Array [
        <h3>
          FILTRO DOS ARTISTAS
        </h3>,
        <WithStyles(Grid)
          container={true}
          spacing={16}
        >
          <WithStyles(Grid)
            item={true}
            lg={3}
            md={3}
            sm={6}
            xs={12}
          >
            <TextField
              SelectProps={
                Object {
                  "MenuProps": Object {
                    "className": undefined,
                  },
                }
              }
              helperText="Selecione o Artista"
              id="artist-open-select"
              label="Artistas"
              margin="normal"
              required={false}
              select={true}
              value=""
              variant="standard"
            />
          </WithStyles(Grid)>
          <WithStyles(Grid)
            item={true}
            lg={3}
            md={3}
            sm={6}
            xs={12}
          >
            <TextField
              SelectProps={
                Object {
                  "MenuProps": Object {
                    "className": undefined,
                  },
                }
              }
              disabled={true}
              helperText="Selecione o Ano"
              id="year-open-select"
              label="Período"
              margin="normal"
              required={false}
              select={true}
              value=""
              variant="standard"
            />
          </WithStyles(Grid)>
        </WithStyles(Grid)>,
      ],
      "className": undefined,
    },
    "ref": null,
    "rendered": Array [
      Object {
        "instance": null,
        "key": undefined,
        "nodeType": "host",
        "props": Object {
          "children": "FILTRO DOS ARTISTAS",
        },
        "ref": null,
        "rendered": "FILTRO DOS ARTISTAS",
        "type": "h3",
      },
      Object {
        "instance": null,
        "key": undefined,
        "nodeType": "class",
        "props": Object {
          "children": Array [
            <WithStyles(Grid)
              item={true}
              lg={3}
              md={3}
              sm={6}
              xs={12}
            >
              <TextField
                SelectProps={
                  Object {
                    "MenuProps": Object {
                      "className": undefined,
                    },
                  }
                }
                helperText="Selecione o Artista"
                id="artist-open-select"
                label="Artistas"
                margin="normal"
                required={false}
                select={true}
                value=""
                variant="standard"
              />
            </WithStyles(Grid)>,
            <WithStyles(Grid)
              item={true}
              lg={3}
              md={3}
              sm={6}
              xs={12}
            >
              <TextField
                SelectProps={
                  Object {
                    "MenuProps": Object {
                      "className": undefined,
                    },
                  }
                }
                disabled={true}
                helperText="Selecione o Ano"
                id="year-open-select"
                label="Período"
                margin="normal"
                required={false}
                select={true}
                value=""
                variant="standard"
              />
            </WithStyles(Grid)>,
          ],
          "container": true,
          "spacing": 16,
        },
        "ref": null,
        "rendered": Array [
          Object {
            "instance": null,
            "key": undefined,
            "nodeType": "class",
            "props": Object {
              "children": <TextField
                SelectProps={
                  Object {
                    "MenuProps": Object {
                      "className": undefined,
                    },
                  }
                }
                helperText="Selecione o Artista"
                id="artist-open-select"
                label="Artistas"
                margin="normal"
                required={false}
                select={true}
                value=""
                variant="standard"
              />,
              "item": true,
              "lg": 3,
              "md": 3,
              "sm": 6,
              "xs": 12,
            },
            "ref": null,
            "rendered": Object {
              "instance": null,
              "key": undefined,
              "nodeType": "class",
              "props": Object {
                "SelectProps": Object {
                  "MenuProps": Object {
                    "className": undefined,
                  },
                },
                "children": undefined,
                "className": undefined,
                "helperText": "Selecione o Artista",
                "id": "artist-open-select",
                "label": "Artistas",
                "margin": "normal",
                "onChange": undefined,
                "required": false,
                "select": true,
                "value": "",
                "variant": "standard",
              },
              "ref": null,
              "rendered": null,
              "type": [Function],
            },
            "type": [Function],
          },
          Object {
            "instance": null,
            "key": undefined,
            "nodeType": "class",
            "props": Object {
              "children": <TextField
                SelectProps={
                  Object {
                    "MenuProps": Object {
                      "className": undefined,
                    },
                  }
                }
                disabled={true}
                helperText="Selecione o Ano"
                id="year-open-select"
                label="Período"
                margin="normal"
                required={false}
                select={true}
                value=""
                variant="standard"
              />,
              "item": true,
              "lg": 3,
              "md": 3,
              "sm": 6,
              "xs": 12,
            },
            "ref": null,
            "rendered": Object {
              "instance": null,
              "key": undefined,
              "nodeType": "class",
              "props": Object {
                "SelectProps": Object {
                  "MenuProps": Object {
                    "className": undefined,
                  },
                },
                "children": undefined,
                "className": undefined,
                "disabled": true,
                "helperText": "Selecione o Ano",
                "id": "year-open-select",
                "label": "Período",
                "margin": "normal",
                "onChange": undefined,
                "required": false,
                "select": true,
                "value": "",
                "variant": "standard",
              },
              "ref": null,
              "rendered": null,
              "type": [Function],
            },
            "type": [Function],
          },
        ],
        "type": [Function],
      },
    ],
    "type": [Function],
  },
  Symbol(enzyme.__nodes__): Array [
    Object {
      "instance": null,
      "key": undefined,
      "nodeType": "class",
      "props": Object {
        "children": Array [
          <h3>
            FILTRO DOS ARTISTAS
          </h3>,
          <WithStyles(Grid)
            container={true}
            spacing={16}
          >
            <WithStyles(Grid)
              item={true}
              lg={3}
              md={3}
              sm={6}
              xs={12}
            >
              <TextField
                SelectProps={
                  Object {
                    "MenuProps": Object {
                      "className": undefined,
                    },
                  }
                }
                helperText="Selecione o Artista"
                id="artist-open-select"
                label="Artistas"
                margin="normal"
                required={false}
                select={true}
                value=""
                variant="standard"
              />
            </WithStyles(Grid)>
            <WithStyles(Grid)
              item={true}
              lg={3}
              md={3}
              sm={6}
              xs={12}
            >
              <TextField
                SelectProps={
                  Object {
                    "MenuProps": Object {
                      "className": undefined,
                    },
                  }
                }
                disabled={true}
                helperText="Selecione o Ano"
                id="year-open-select"
                label="Período"
                margin="normal"
                required={false}
                select={true}
                value=""
                variant="standard"
              />
            </WithStyles(Grid)>
          </WithStyles(Grid)>,
        ],
        "className": undefined,
      },
      "ref": null,
      "rendered": Array [
        Object {
          "instance": null,
          "key": undefined,
          "nodeType": "host",
          "props": Object {
            "children": "FILTRO DOS ARTISTAS",
          },
          "ref": null,
          "rendered": "FILTRO DOS ARTISTAS",
          "type": "h3",
        },
        Object {
          "instance": null,
          "key": undefined,
          "nodeType": "class",
          "props": Object {
            "children": Array [
              <WithStyles(Grid)
                item={true}
                lg={3}
                md={3}
                sm={6}
                xs={12}
              >
                <TextField
                  SelectProps={
                    Object {
                      "MenuProps": Object {
                        "className": undefined,
                      },
                    }
                  }
                  helperText="Selecione o Artista"
                  id="artist-open-select"
                  label="Artistas"
                  margin="normal"
                  required={false}
                  select={true}
                  value=""
                  variant="standard"
                />
              </WithStyles(Grid)>,
              <WithStyles(Grid)
                item={true}
                lg={3}
                md={3}
                sm={6}
                xs={12}
              >
                <TextField
                  SelectProps={
                    Object {
                      "MenuProps": Object {
                        "className": undefined,
                      },
                    }
                  }
                  disabled={true}
                  helperText="Selecione o Ano"
                  id="year-open-select"
                  label="Período"
                  margin="normal"
                  required={false}
                  select={true}
                  value=""
                  variant="standard"
                />
              </WithStyles(Grid)>,
            ],
            "container": true,
            "spacing": 16,
          },
          "ref": null,
          "rendered": Array [
            Object {
              "instance": null,
              "key": undefined,
              "nodeType": "class",
              "props": Object {
                "children": <TextField
                  SelectProps={
                    Object {
                      "MenuProps": Object {
                        "className": undefined,
                      },
                    }
                  }
                  helperText="Selecione o Artista"
                  id="artist-open-select"
                  label="Artistas"
                  margin="normal"
                  required={false}
                  select={true}
                  value=""
                  variant="standard"
                />,
                "item": true,
                "lg": 3,
                "md": 3,
                "sm": 6,
                "xs": 12,
              },
              "ref": null,
              "rendered": Object {
                "instance": null,
                "key": undefined,
                "nodeType": "class",
                "props": Object {
                  "SelectProps": Object {
                    "MenuProps": Object {
                      "className": undefined,
                    },
                  },
                  "children": undefined,
                  "className": undefined,
                  "helperText": "Selecione o Artista",
                  "id": "artist-open-select",
                  "label": "Artistas",
                  "margin": "normal",
                  "onChange": undefined,
                  "required": false,
                  "select": true,
                  "value": "",
                  "variant": "standard",
                },
                "ref": null,
                "rendered": null,
                "type": [Function],
              },
              "type": [Function],
            },
            Object {
              "instance": null,
              "key": undefined,
              "nodeType": "class",
              "props": Object {
                "children": <TextField
                  SelectProps={
                    Object {
                      "MenuProps": Object {
                        "className": undefined,
                      },
                    }
                  }
                  disabled={true}
                  helperText="Selecione o Ano"
                  id="year-open-select"
                  label="Período"
                  margin="normal"
                  required={false}
                  select={true}
                  value=""
                  variant="standard"
                />,
                "item": true,
                "lg": 3,
                "md": 3,
                "sm": 6,
                "xs": 12,
              },
              "ref": null,
              "rendered": Object {
                "instance": null,
                "key": undefined,
                "nodeType": "class",
                "props": Object {
                  "SelectProps": Object {
                    "MenuProps": Object {
                      "className": undefined,
                    },
                  },
                  "children": undefined,
                  "className": undefined,
                  "disabled": true,
                  "helperText": "Selecione o Ano",
                  "id": "year-open-select",
                  "label": "Período",
                  "margin": "normal",
                  "onChange": undefined,
                  "required": false,
                  "select": true,
                  "value": "",
                  "variant": "standard",
                },
                "ref": null,
                "rendered": null,
                "type": [Function],
              },
              "type": [Function],
            },
          ],
          "type": [Function],
        },
      ],
      "type": [Function],
    },
  ],
  Symbol(enzyme.__options__): Object {
    "adapter": ReactSixteenAdapter {
      "options": Object {
        "enableComponentDidUpdateOnSetState": true,
        "legacyContextMode": "parent",
        "lifecycles": Object {
          "componentDidUpdate": Object {
            "onSetState": true,
          },
          "getChildContext": Object {
            "calledByRenderer": false,
          },
          "getDerivedStateFromProps": true,
          "getSnapshotBeforeUpdate": true,
          "setState": Object {
            "skipsComponentDidUpdateOnNullish": true,
          },
        },
      },
    },
  },
}
`;
